• turbo 2.9.6
 WARNING  Unable to calculate transitive closures: Workspace 'apps/expedition-33' not found in lockfile.

   • Packages in scope: expedition-33
   • Running build in 1 packages
   • Remote caching disabled

expedition-33:build: cache miss, executing 4ffd5f85e71881f5
expedition-33:build: 
expedition-33:build: > expedition-33@0.1.0 build
expedition-33:build: > next build
expedition-33:build: 
expedition-33:build: ▲ Next.js 16.2.0 (Turbopack)
expedition-33:build: 
expedition-33:build:   Creating an optimized production build ...
expedition-33:build: ✓ Compiled successfully in 1182ms
expedition-33:build:   Running TypeScript ...
expedition-33:build: Failed to type check.
expedition-33:build: 
expedition-33:build: ./app/page.tsx:23:33
expedition-33:build: Type error: Type '{ children: Element[]; className: string; style: { marginBottom: string; }; }' is not assignable to type 'IntrinsicAttributes & CardProps'.
expedition-33:build:   Property 'style' does not exist on type 'IntrinsicAttributes & CardProps'.
expedition-33:build: 
expedition-33:build:   [90m21 |[0m         </div>
expedition-33:build:   [90m22 |[0m
expedition-33:build: [31m[1m>[0m [90m23 |[0m         <[33mCard[0m className=[32m"glass"[0m style={{ marginBottom: [32m"6rem"[0m }}>
expedition-33:build:   [90m   |[0m                                 [31m[1m^[0m
expedition-33:build:   [90m24 |[0m           <h2 style={{ fontSize: [32m"1.5rem"[0m, marginBottom: [32m"1.5rem"[0m, display: [32m"flex"[0m, alignI...
expedition-33:build:   [90m25 |[0m             <span style={{ width: [32m"8px"[0m, height: [32m"8px"[0m, borderRadius: [32m"50%"[0m, background: [32m"...[0m
expedition-33:build:   [90m26 |[0m             [33mTHE[0m [33mARCHIVIST[0m[32m'S VISION[0m
expedition-33:build: Next.js build worker exited with code: 1 and signal: null
expedition-33:build: npm error Lifecycle script `build` failed with error:
expedition-33:build: npm error code 1
expedition-33:build: npm error path /home/demis-rincon/Projects/Aurora.io/Portfolio/apps/expedition-33
expedition-33:build: npm error workspace expedition-33@0.1.0
expedition-33:build: npm error location /home/demis-rincon/Projects/Aurora.io/Portfolio/apps/expedition-33
expedition-33:build: npm error command failed
expedition-33:build: npm error command sh -c next build
 ERROR  expedition-33#build: command (/home/demis-rincon/Projects/Aurora.io/Portfolio/apps/expedition-33) /home/demis-rincon/.nvm/versions/node/v24.14.0/bin/npm run build exited (1)

 Tasks:    0 successful, 1 total
Cached:    0 cached, 1 total
  Time:    2.916s 
Failed:    expedition-33#build

 ERROR  run failed: command  exited (1)
